-- 
-- Map file for Dominions 4
-- 
-- Illwinter Game Design
-- www.illwinter.com
-- 

-- Title and image file
#dom2title A map based on Bionicle_Mata_Nui_Island_map.tga.
#imagefile Bionicle_Mata_Nui_Island_map.tga
#domversion 350
#description "A newly created map."

-- Province names/terrains
#landname 1 "Kumu Dip"
#terrain 1 0
#landname 2 "Lewa's Sweep"
#terrain 2 0
#landname 3 "Kumu Islets"
#terrain 3 0
#landname 4 "Furthest Reach"
#terrain 4 0
#landname 5 "Kumu South"
#terrain 5 0
#landname 6 "Kanae Bay"
#terrain 6 0
#landname 7 "Sweeping Waters"
#terrain 7 0
#landname 8 "Lewa Landing"
#terrain 8 0
#landname 9 "Four Rivers"
#terrain 9 0
#landname 10 "Kanae Islet"
#terrain 10 0
#landname 11 "Lake Kanae"
#terrain 11 0
#landname 12 "Jankeep"
#terrain 12 0
#landname 13 "Fau Swamp"
#terrain 13 0
#landname 14 "Pala Plain"
#terrain 14 0
#landname 15 "Rahi's Play"
#terrain 15 0
#landname 16 "Le-Kini"
#terrain 16 0
#landname 17 "Matoran's Swim"
#terrain 17 0
#landname 18 "Kini-Nui"
#terrain 18 0
#landname 19 "Lake Pala"
#terrain 19 0
#landname 20 "Ta-Kini"
#terrain 20 0
#landname 21 "Mangai Volcano"
#terrain 21 0
#landname 22 "Suva-Kaita"
#terrain 22 0
#landname 23 "Tren Krom Break"
#terrain 23 0
#landname 24 "Ta-Koro"
#terrain 24 0
#landname 25 "Ko-Koro"
#terrain 25 0
#landname 26 "Tahu Landing"
#terrain 26 0
#landname 27 "Ko-Kini"
#terrain 27 0
#landname 28 "Mount Ihu"
#terrain 28 0
#landname 29 "Ga-Koro"
#terrain 29 0
#landname 30 "Kopaka Bay"
#terrain 30 0
#landname 31 "Huru Mafa River"
#terrain 31 0
#landname 32 "Kopaka Landing"
#terrain 32 0
#landname 33 "Ihu Slope"
#terrain 33 0
#landname 34 "Gali Incoming"
#terrain 34 0
#landname 35 "Onu-Koro"
#terrain 35 0
#landname 36 "Onu-Kini"
#terrain 36 0
#landname 37 "Gali Landing"
#terrain 37 0
#landname 38 "Naho Bay"
#terrain 38 0
#landname 39 "Ga-Kini"
#terrain 39 0
#landname 40 "Onu Waters"
#terrain 40 0
#landname 41 "Tiro Canyon"
#terrain 41 0
#landname 42 "Papa Nihu Reef"
#terrain 42 0
#landname 43 "Motara Desert"
#terrain 43 0
#landname 44 "Motara Drink"
#terrain 44 0
#landname 45 "Po-Kini"
#terrain 45 0
#landname 46 "Po-Koro"
#terrain 46 0
#landname 47 "Pohatu Landing"
#terrain 47 0
#landname 48 "Leva Edge"
#terrain 48 0
#landname 49 "Deep Blue"
#terrain 49 0
#landname 50 "Leva Bay"
#terrain 50 0
#landname 51 "Pohatu Float"
#terrain 51 0
#landname 52 "Leva's Incoming"
#terrain 52 0

-- Province neighbours
#neighbour 1 3
#neighbour 1 4
#neighbour 1 6
#neighbour 2 3
#neighbour 2 5
#neighbour 2 7
#neighbour 3 5
#neighbour 3 6
#neighbour 4 6
#neighbour 4 15
#neighbour 5 6
#neighbour 5 7
#neighbour 5 8
#neighbour 5 9
#neighbour 6 8
#neighbour 6 10
#neighbour 7 9
#neighbour 7 17
#neighbour 8 9
#neighbour 8 10
#neighbour 8 11
#neighbour 9 13
#neighbour 9 11
#neighbour 10 11
#neighbour 10 14
#neighbour 11 14
#neighbour 11 16
#neighbour 11 13
#neighbour 12 14
#neighbour 12 15
#neighbour 12 19
#neighbour 12 20
#neighbour 13 16
#neighbour 13 18
#neighbour 13 17
#neighbour 14 16
#neighbour 14 19
#neighbour 15 20
#neighbour 15 34
#neighbour 15 24
#neighbour 16 18
#neighbour 16 21
#neighbour 17 18
#neighbour 17 22
#neighbour 17 25
#neighbour 17 30
#neighbour 18 22
#neighbour 19 20
#neighbour 19 21
#neighbour 19 23
#neighbour 20 23
#neighbour 20 24
#neighbour 21 23
#neighbour 22 25
#neighbour 22 27
#neighbour 23 24
#neighbour 23 26
#neighbour 24 26
#neighbour 24 34
#neighbour 25 27
#neighbour 25 30
#neighbour 25 32
#neighbour 26 29
#neighbour 26 34
#neighbour 27 28
#neighbour 27 32
#neighbour 28 33
#neighbour 28 36
#neighbour 29 31
#neighbour 29 37
#neighbour 30 32
#neighbour 30 40
#neighbour 31 33
#neighbour 31 37
#neighbour 31 38
#neighbour 32 35
#neighbour 32 40
#neighbour 33 38
#neighbour 33 36
#neighbour 34 37
#neighbour 34 39
#neighbour 34 44
#neighbour 35 36
#neighbour 35 41
#neighbour 35 42
#neighbour 36 41
#neighbour 36 38
#neighbour 37 38
#neighbour 37 39
#neighbour 38 39
#neighbour 39 44
#neighbour 39 43
#neighbour 40 42
#neighbour 40 49
#neighbour 41 42
#neighbour 41 46
#neighbour 41 45
#neighbour 42 49
#neighbour 42 51
#neighbour 43 44
#neighbour 43 47
#neighbour 43 48
#neighbour 43 45
#neighbour 44 48
#neighbour 44 52
#neighbour 45 46
#neighbour 45 47
#neighbour 46 47
#neighbour 46 50
#neighbour 46 51
#neighbour 47 50
#neighbour 48 50
#neighbour 48 52
#neighbour 49 51
#neighbour 50 51
#neighbour 50 52

-- Special per province commands

--
