-- 
-- Map file for Dominions 4
-- 
-- Illwinter Game Design
-- www.illwinter.com
-- 

-- Title and image file
#dom2title A map based on Bionicle_Mata_Nui_Island_map.tga.
#imagefile Bionicle_Mata_Nui_Island_map.tga
#domversion 350
#description "A newly created map."

-- Province names/terrains
#terrain 1 0
#terrain 2 0
#terrain 3 0
#terrain 4 0
#terrain 5 0
#terrain 6 0
#terrain 7 0
#terrain 8 0
#terrain 9 0
#terrain 10 0
#terrain 11 0
#terrain 12 0
#terrain 13 0
#terrain 14 0
#terrain 15 0
#terrain 16 0
#terrain 17 0
#terrain 18 0
#terrain 19 0
#terrain 20 0
#terrain 21 0
#terrain 22 0
#terrain 23 0
#terrain 24 0
#terrain 25 0
#terrain 26 0
#terrain 27 0
#terrain 28 0
#terrain 29 0
#terrain 30 0
#terrain 31 0
#terrain 32 0
#terrain 33 0
#terrain 34 0
#terrain 35 0
#terrain 36 0
#terrain 37 0
#terrain 38 0
#terrain 39 0
#terrain 40 0
#terrain 41 0
#terrain 42 0
#terrain 43 0
#terrain 44 0
#terrain 45 0
#terrain 46 0
#terrain 47 0
#terrain 48 0
#terrain 49 0
#terrain 50 0
#terrain 51 0
#terrain 52 0

-- Province neighbours
#neighbour 1 3
#neighbour 1 4
#neighbour 1 6
#neighbour 2 3
#neighbour 2 5
#neighbour 2 7
#neighbour 3 5
#neighbour 3 6
#neighbour 4 6
#neighbour 4 15
#neighbour 5 6
#neighbour 5 7
#neighbour 5 8
#neighbour 5 9
#neighbour 6 8
#neighbour 6 10
#neighbour 7 9
#neighbour 7 17
#neighbour 8 9
#neighbour 8 10
#neighbour 8 11
#neighbour 9 13
#neighbour 9 11
#neighbour 10 11
#neighbour 10 14
#neighbour 11 14
#neighbour 11 16
#neighbour 11 13
#neighbour 12 14
#neighbour 12 15
#neighbour 12 19
#neighbour 12 20
#neighbour 13 16
#neighbour 13 18
#neighbour 13 17
#neighbour 14 16
#neighbour 14 19
#neighbour 15 20
#neighbour 15 34
#neighbour 15 24
#neighbour 16 18
#neighbour 16 21
#neighbour 17 18
#neighbour 17 22
#neighbour 17 25
#neighbour 17 30
#neighbour 18 22
#neighbour 19 20
#neighbour 19 21
#neighbour 19 23
#neighbour 20 23
#neighbour 20 24
#neighbour 21 23
#neighbour 22 25
#neighbour 22 27
#neighbour 23 24
#neighbour 23 26
#neighbour 24 26
#neighbour 24 34
#neighbour 25 27
#neighbour 25 30
#neighbour 25 32
#neighbour 26 29
#neighbour 26 34
#neighbour 27 28
#neighbour 27 32
#neighbour 28 33
#neighbour 28 36
#neighbour 29 31
#neighbour 29 37
#neighbour 30 32
#neighbour 30 40
#neighbour 31 33
#neighbour 31 37
#neighbour 31 38
#neighbour 32 35
#neighbour 32 40
#neighbour 33 38
#neighbour 33 36
#neighbour 34 37
#neighbour 34 39
#neighbour 34 44
#neighbour 35 36
#neighbour 35 41
#neighbour 35 42
#neighbour 36 41
#neighbour 36 38
#neighbour 37 38
#neighbour 37 39
#neighbour 38 39
#neighbour 39 44
#neighbour 39 43
#neighbour 40 42
#neighbour 40 49
#neighbour 41 42
#neighbour 41 46
#neighbour 41 45
#neighbour 42 49
#neighbour 42 51
#neighbour 43 44
#neighbour 43 47
#neighbour 43 48
#neighbour 43 45
#neighbour 44 48
#neighbour 44 52
#neighbour 45 46
#neighbour 45 47
#neighbour 46 47
#neighbour 46 50
#neighbour 46 51
#neighbour 47 50
#neighbour 48 50
#neighbour 48 52
#neighbour 49 51
#neighbour 50 51
#neighbour 50 52

-- Special per province commands

--
