-- 
-- Map file for Dominions 4
-- 
-- Illwinter Game Design
-- www.illwinter.com
-- 

-- Title and image file
#dom2title Caves of Qud world map
#imagefile caves_of_qud_world_map.tga
#domversion 350
#description "Enter the Caves of Qud. Your thirst is mine, my water is yours. Suitable for 6-10 players and 0 aquatic kingdoms."

-- Province names/terrains
#terrain 1 0
#terrain 2 0
#terrain 3 0
#terrain 4 0
#terrain 5 0
#terrain 6 0
#terrain 7 0
#terrain 8 0
#terrain 9 0
#terrain 10 0
#terrain 11 0
#terrain 12 0
#terrain 13 0
#terrain 14 0
#terrain 15 0
#terrain 16 0
#terrain 17 0
#terrain 18 0
#terrain 19 0
#terrain 20 0
#terrain 21 0
#terrain 22 0
#terrain 23 0
#terrain 24 0
#terrain 25 0
#terrain 26 0
#terrain 27 0
#terrain 28 0
#terrain 29 0
#terrain 30 0
#terrain 31 0
#terrain 32 0
#terrain 33 0
#terrain 34 0
#terrain 35 0
#terrain 36 0
#terrain 37 0
#terrain 38 0
#terrain 39 0
#terrain 40 0
#terrain 41 0
#terrain 42 0
#terrain 43 0
#terrain 44 0
#terrain 45 0
#terrain 46 0
#terrain 47 0
#terrain 48 0
#terrain 49 0
#terrain 50 0
#terrain 51 0
#terrain 52 0
#terrain 53 0
#terrain 54 0
#terrain 55 0
#terrain 56 0
#terrain 57 0
#terrain 58 0
#terrain 59 0
#terrain 60 0
#terrain 61 0
#terrain 62 0
#terrain 63 0
#terrain 64 0
#terrain 65 0
#terrain 66 0
#terrain 67 0
#terrain 68 0

-- Province neighbours

-- Special per province commands

--
