-- 
-- Map file for Dominions 4
-- 
-- Illwinter Game Design
-- www.illwinter.com
-- 

-- Title and image file
#dom2title A map based on Caves_of_Qud_World_map_seeded.tga.
#imagefile Caves_of_Qud_World_map_seeded.tga
#domversion 350
#description "A newly created map."

-- Province names/terrains
#terrain 1 0
#terrain 2 0
#terrain 3 0
#terrain 4 0
#terrain 5 0
#terrain 6 0
#terrain 7 0
#terrain 8 0
#terrain 9 0
#terrain 10 0
#terrain 11 0
#terrain 12 0
#terrain 13 0
#terrain 14 0
#terrain 15 0
#terrain 16 0
#terrain 17 0
#terrain 18 0
#terrain 19 0
#terrain 20 0
#terrain 21 0
#terrain 22 0
#terrain 23 0
#terrain 24 0
#terrain 25 0
#terrain 26 0
#terrain 27 0
#terrain 28 0
#terrain 29 0
#terrain 30 0
#terrain 31 0
#terrain 32 0
#terrain 33 0
#terrain 34 0
#terrain 35 0
#terrain 36 0
#terrain 37 0
#terrain 38 0
#terrain 39 0
#terrain 40 0
#terrain 41 0
#terrain 42 0
#terrain 43 0
#terrain 44 0
#terrain 45 0
#terrain 46 0
#terrain 47 0
#terrain 48 0
#terrain 49 0
#terrain 50 0
#terrain 51 0
#terrain 52 0
#terrain 53 0
#terrain 54 0
#terrain 55 0
#terrain 56 0
#terrain 57 0
#terrain 58 0
#terrain 59 0
#terrain 60 0

-- Province neighbours
#neighbour 1 2
#neighbour 1 3
#neighbour 1 7
#neighbour 1 12
#neighbour 1 15
#neighbour 1 16
#neighbour 1 19
#neighbour 1 22
#neighbour 1 28
#neighbour 2 3
#neighbour 2 7
#neighbour 2 12
#neighbour 2 14
#neighbour 2 15
#neighbour 2 16
#neighbour 2 19
#neighbour 2 22
#neighbour 2 23
#neighbour 2 28
#neighbour 2 29
#neighbour 3 4
#neighbour 3 6
#neighbour 3 7
#neighbour 3 14
#neighbour 3 15
#neighbour 3 16
#neighbour 3 19
#neighbour 3 23
#neighbour 3 24
#neighbour 3 29
#neighbour 3 30
#neighbour 4 6
#neighbour 4 7
#neighbour 4 8
#neighbour 4 14
#neighbour 4 16
#neighbour 4 19
#neighbour 4 23
#neighbour 4 24
#neighbour 5 11
#neighbour 5 13
#neighbour 5 17
#neighbour 5 20
#neighbour 5 31
#neighbour 6 8
#neighbour 6 9
#neighbour 6 10
#neighbour 6 14
#neighbour 6 16
#neighbour 6 18
#neighbour 6 24
#neighbour 6 26
#neighbour 7 12
#neighbour 7 14
#neighbour 7 15
#neighbour 7 16
#neighbour 7 19
#neighbour 7 22
#neighbour 7 23
#neighbour 7 24
#neighbour 7 28
#neighbour 7 29
#neighbour 7 30
#neighbour 8 9
#neighbour 8 10
#neighbour 8 14
#neighbour 8 18
#neighbour 8 24
#neighbour 8 25
#neighbour 8 26
#neighbour 9 10
#neighbour 9 11
#neighbour 9 18
#neighbour 9 21
#neighbour 9 25
#neighbour 9 26
#neighbour 9 27
#neighbour 9 33
#neighbour 10 11
#neighbour 10 13
#neighbour 10 18
#neighbour 10 20
#neighbour 10 21
#neighbour 10 25
#neighbour 10 26
#neighbour 10 27
#neighbour 10 33
#neighbour 11 13
#neighbour 11 17
#neighbour 11 18
#neighbour 11 20
#neighbour 11 21
#neighbour 11 25
#neighbour 11 27
#neighbour 12 15
#neighbour 12 19
#neighbour 12 22
#neighbour 12 28
#neighbour 13 17
#neighbour 13 20
#neighbour 13 21
#neighbour 13 27
#neighbour 13 31
#neighbour 13 35
#neighbour 14 15
#neighbour 14 16
#neighbour 14 19
#neighbour 14 23
#neighbour 14 24
#neighbour 14 26
#neighbour 14 29
#neighbour 14 30
#neighbour 14 32
#neighbour 14 34
#neighbour 15 16
#neighbour 15 19
#neighbour 15 22
#neighbour 15 23
#neighbour 15 28
#neighbour 15 29
#neighbour 15 30
#neighbour 16 19
#neighbour 16 23
#neighbour 16 24
#neighbour 16 28
#neighbour 16 29
#neighbour 16 30
#neighbour 16 34
#neighbour 16 40
#neighbour 17 20
#neighbour 17 21
#neighbour 17 31
#neighbour 17 35
#neighbour 18 21
#neighbour 18 25
#neighbour 18 26
#neighbour 18 27
#neighbour 18 32
#neighbour 18 33
#neighbour 18 36
#neighbour 18 38
#neighbour 19 22
#neighbour 19 23
#neighbour 19 24
#neighbour 19 28
#neighbour 19 29
#neighbour 19 30
#neighbour 19 34
#neighbour 19 37
#neighbour 19 40
#neighbour 19 41
#neighbour 19 42
#neighbour 20 21
#neighbour 20 25
#neighbour 20 27
#neighbour 20 31
#neighbour 20 35
#neighbour 20 39
#neighbour 20 45
#neighbour 20 48
#neighbour 21 25
#neighbour 21 27
#neighbour 21 31
#neighbour 21 33
#neighbour 21 35
#neighbour 21 38
#neighbour 21 39
#neighbour 21 47
#neighbour 21 48
#neighbour 22 28
#neighbour 22 29
#neighbour 22 30
#neighbour 22 37
#neighbour 22 41
#neighbour 22 42
#neighbour 22 50
#neighbour 23 24
#neighbour 23 28
#neighbour 23 29
#neighbour 23 30
#neighbour 23 32
#neighbour 23 34
#neighbour 23 40
#neighbour 23 41
#neighbour 23 42
#neighbour 23 43
#neighbour 24 26
#neighbour 24 29
#neighbour 24 30
#neighbour 24 32
#neighbour 24 34
#neighbour 24 36
#neighbour 24 40
#neighbour 24 43
#neighbour 24 44
#neighbour 24 51
#neighbour 25 26
#neighbour 25 27
#neighbour 25 32
#neighbour 25 33
#neighbour 25 36
#neighbour 25 38
#neighbour 25 39
#neighbour 25 44
#neighbour 25 46
#neighbour 25 47
#neighbour 25 49
#neighbour 26 27
#neighbour 26 32
#neighbour 26 33
#neighbour 26 34
#neighbour 26 36
#neighbour 26 38
#neighbour 26 44
#neighbour 26 46
#neighbour 26 49
#neighbour 26 55
#neighbour 27 33
#neighbour 27 35
#neighbour 27 36
#neighbour 27 38
#neighbour 27 39
#neighbour 27 46
#neighbour 27 47
#neighbour 27 48
#neighbour 27 49
#neighbour 27 53
#neighbour 28 29
#neighbour 28 30
#neighbour 28 34
#neighbour 28 37
#neighbour 28 40
#neighbour 28 41
#neighbour 28 42
#neighbour 28 43
#neighbour 28 50
#neighbour 28 54
#neighbour 28 56
#neighbour 29 30
#neighbour 29 34
#neighbour 29 37
#neighbour 29 40
#neighbour 29 41
#neighbour 29 42
#neighbour 29 43
#neighbour 29 52
#neighbour 29 54
#neighbour 30 32
#neighbour 30 34
#neighbour 30 37
#neighbour 30 40
#neighbour 30 41
#neighbour 30 42
#neighbour 30 43
#neighbour 30 52
#neighbour 30 54
#neighbour 31 35
#neighbour 31 39
#neighbour 31 45
#neighbour 31 48
#neighbour 31 57
#neighbour 31 60
#neighbour 32 33
#neighbour 32 34
#neighbour 32 36
#neighbour 32 38
#neighbour 32 40
#neighbour 32 43
#neighbour 32 44
#neighbour 32 46
#neighbour 32 49
#neighbour 32 51
#neighbour 32 52
#neighbour 32 55
#neighbour 33 35
#neighbour 33 36
#neighbour 33 38
#neighbour 33 39
#neighbour 33 44
#neighbour 33 46
#neighbour 33 47
#neighbour 33 49
#neighbour 33 53
#neighbour 33 55
#neighbour 33 58
#neighbour 33 59
#neighbour 34 36
#neighbour 34 40
#neighbour 34 41
#neighbour 34 42
#neighbour 34 43
#neighbour 34 44
#neighbour 34 51
#neighbour 34 52
#neighbour 34 55
#neighbour 34 56
#neighbour 35 38
#neighbour 35 39
#neighbour 35 45
#neighbour 35 47
#neighbour 35 48
#neighbour 35 53
#neighbour 35 57
#neighbour 35 59
#neighbour 35 60
#neighbour 36 38
#neighbour 36 39
#neighbour 36 43
#neighbour 36 44
#neighbour 36 46
#neighbour 36 47
#neighbour 36 49
#neighbour 36 51
#neighbour 36 55
#neighbour 36 58
#neighbour 36 59
#neighbour 37 40
#neighbour 37 41
#neighbour 37 42
#neighbour 37 50
#neighbour 37 54
#neighbour 37 56
#neighbour 38 39
#neighbour 38 44
#neighbour 38 46
#neighbour 38 47
#neighbour 38 49
#neighbour 38 53
#neighbour 38 55
#neighbour 38 58
#neighbour 38 59
#neighbour 39 45
#neighbour 39 46
#neighbour 39 47
#neighbour 39 48
#neighbour 39 49
#neighbour 39 53
#neighbour 39 57
#neighbour 39 58
#neighbour 39 59
#neighbour 39 60
#neighbour 40 41
#neighbour 40 42
#neighbour 40 43
#neighbour 40 50
#neighbour 40 51
#neighbour 40 52
#neighbour 40 54
#neighbour 40 56
#neighbour 41 42
#neighbour 41 43
#neighbour 41 50
#neighbour 41 52
#neighbour 41 54
#neighbour 41 56
#neighbour 42 43
#neighbour 42 50
#neighbour 42 52
#neighbour 42 54
#neighbour 42 56
#neighbour 43 44
#neighbour 43 51
#neighbour 43 52
#neighbour 43 54
#neighbour 43 55
#neighbour 43 56
#neighbour 44 46
#neighbour 44 47
#neighbour 44 49
#neighbour 44 51
#neighbour 44 52
#neighbour 44 55
#neighbour 44 58
#neighbour 44 59
#neighbour 45 47
#neighbour 45 48
#neighbour 45 53
#neighbour 45 57
#neighbour 45 60
#neighbour 46 47
#neighbour 46 49
#neighbour 46 51
#neighbour 46 53
#neighbour 46 55
#neighbour 46 58
#neighbour 46 59
#neighbour 47 48
#neighbour 47 49
#neighbour 47 53
#neighbour 47 58
#neighbour 47 59
#neighbour 47 60
#neighbour 48 53
#neighbour 48 57
#neighbour 48 59
#neighbour 48 60
#neighbour 49 53
#neighbour 49 55
#neighbour 49 58
#neighbour 49 59
#neighbour 50 54
#neighbour 50 56
#neighbour 51 52
#neighbour 51 55
#neighbour 51 56
#neighbour 51 58
#neighbour 52 54
#neighbour 52 55
#neighbour 52 56
#neighbour 53 57
#neighbour 53 58
#neighbour 53 59
#neighbour 53 60
#neighbour 54 56
#neighbour 55 58
#neighbour 55 59
#neighbour 57 60
#neighbour 58 59
#neighbour 59 60

-- Special per province commands

--
