-- 
-- Map file for Dominions 4
-- 
-- Illwinter Game Design
-- www.illwinter.com
-- 

-- Title and image file
#dom2title The Banner Saga world map
#imagefile banner_saga_world_map.tga
#domversion 350
#maptextcol 0.10 0.10 0.10 1.00
#description "Enter the world of the Banner Saga. With mostly accurate names and terrain types for provinces."

-- Province names/terrains
#landname 1 "Dalalond's Edge"
#terrain 1 16778818
#landname 2 "Blackwater Deep"
#terrain 2 2118
#landname 3 "The Rotting Roots"
#terrain 3 33554474
#landname 4 "Dalalond"
#terrain 4 514
#landname 5 "Swartbog South"
#terrain 5 42
#landname 6 "Graywater stretch"
#terrain 6 4
#landname 7 "Foggy Shard"
#terrain 7 16778816
#landname 8 "Gruin Sea"
#terrain 8 33554500
#landname 9 "The Stankhar Threads"
#terrain 9 296
#landname 10 "Voe"
#terrain 10 4097
#landname 11 "Asar"
#terrain 11 33554688
#landname 12 "Plains of Slaughter"
#terrain 12 16778496
#landname 13 "Wyrm's Tail"
#terrain 13 0
#landname 14 "Ormsfjord"
#terrain 14 256
#landname 15 "Lonely waters"
#terrain 15 6150
#landname 16 "Mire Fallows"
#terrain 16 16778280
#landname 17 "Lax Harbour"
#terrain 17 4869
#landname 18 "Swartbog"
#terrain 18 40
#landname 19 "Fog Island"
#terrain 19 1600
#landname 20 "Downs Crossing"
#terrain 20 0
#landname 21 "Fiskivik"
#terrain 21 33555456
#landname 22 "Brackish Sea"
#terrain 22 2118
#landname 23 "Fiska Bay"
#terrain 23 261
#landname 24 "Wyrm's Tear Isle"
#terrain 24 1024
#landname 25 "Graywater Sea"
#terrain 25 68
#landname 26 "Ollerholm"
#terrain 26 33554472
#landname 27 "Ongullstaddr"
#terrain 27 0
#landname 28 "Last Grove"
#terrain 28 128
#landname 29 "Foulwind Hills West"
#terrain 29 4198416
#landname 30 "Foulwind Hills East"
#terrain 30 20975632
#landname 31 "The Old Wood"
#terrain 31 130
#landname 32 "Brackish Bay"
#terrain 32 2116
#landname 33 "Etingbekkr"
#terrain 33 136
#landname 34 "Arberrang"
#terrain 34 1288
#landname 35 "Tolir"
#terrain 35 33554432
#landname 36 "Crooks Hollow"
#terrain 36 40
#landname 37 "Ironpeat Wash"
#terrain 37 288
#landname 38 "Etiltorp"
#terrain 38 1024
#landname 39 "The Armsbeck"
#terrain 39 264
#landname 40 "Sweinn Isle"
#terrain 40 1088
#landname 41 "Lundar"
#terrain 41 128
#landname 42 "Bolunskr"
#terrain 42 33554696
#landname 43 "Stromlund"
#terrain 43 0
#landname 44 "Gaular"
#terrain 44 256
#landname 45 "Grundar"
#terrain 45 33554688
#landname 46 "Manaharr Waters"
#terrain 46 2564
#landname 47 "Aros"
#terrain 47 8
#landname 48 "Vik's Neck"
#terrain 48 8
#landname 49 "Fingernail Weald"
#terrain 49 128
#landname 50 "Deeplunn"
#terrain 50 128
#landname 51 "Sweinnsfeed"
#terrain 51 64
#landname 52 "Akur"
#terrain 52 33554696
#landname 53 "Eastway Road"
#terrain 53 0
#landname 54 "Ormsdalr"
#terrain 54 8
#landname 55 "Deepmot"
#terrain 55 8
#landname 56 "The Godsreach Hills"
#terrain 56 20971536
#landname 57 "Gardstad"
#terrain 57 33554440
#landname 58 "Manaharr"
#terrain 58 16782848
#landname 59 "Wolves Maw"
#terrain 59 128
#landname 60 "Eastway Brush"
#terrain 60 128
#landname 61 "Boersgard"
#terrain 61 33554432
#landname 62 "Whithagr"
#terrain 62 256
#landname 63 "Bindal"
#terrain 63 37748752
#landname 64 "Brownwater"
#terrain 64 2054
#landname 65 "Rundwall"
#terrain 65 2
#landname 66 "Toothpick Wood"
#terrain 66 128
#landname 67 "Tistel"
#terrain 67 16777346
#landname 68 "Sunken Ship Bay"
#terrain 68 33554692
#landname 69 "The Vast South"
#terrain 69 2052
#landname 70 "Halsar"
#terrain 70 33554456
#landname 71 "Three Islands"
#terrain 71 1025
#landname 72 "Hjardarhagi"
#terrain 72 4194312
#landname 73 "Reynivik"
#terrain 73 0
#landname 74 "Stikill"
#terrain 74 33554432
#landname 75 "Lang Loom Forest"
#terrain 75 138
#landname 76 "Fladdavalor Plains"
#terrain 76 256
#landname 77 "Karlsvat"
#terrain 77 16777224
#landname 78 "Seahorn"
#terrain 78 1
#landname 79 "Sigrholm"
#terrain 79 8
#landname 80 "Spirit Water"
#terrain 80 16780292
#landname 81 "Karlshus"
#terrain 81 8
#landname 82 "Backsfjord"
#terrain 82 8
#landname 83 "Strand"
#terrain 83 33554440
#landname 84 "Grenilund"
#terrain 84 128
#landname 85 "Skelmotskrolr Spindle"
#terrain 85 0
#landname 86 "The Left Foot"
#terrain 86 5
#landname 87 "Nautmot"
#terrain 87 1024
#landname 88 "Pine Lunn"
#terrain 88 128
#landname 89 "Wyrmscale Mountains"
#terrain 89 4194320
#landname 90 "Karlsfjord"
#terrain 90 1
#landname 91 "East Wick"
#terrain 91 1284
#landname 92 "Spine Isles"
#terrain 92 1
#landname 93 "The Vast Sea"
#terrain 93 33556484
#landname 94 "Hraun"
#terrain 94 16777218
#landname 95 "Haukstorp"
#terrain 95 33554432
#landname 96 "Eastern Waters"
#terrain 96 2054
#landname 97 "Denglr's Bay"
#terrain 97 33554693
#landname 98 "The Wandering Road"
#terrain 98 0
#landname 99 "Vedrfell"
#terrain 99 4194313
#landname 100 "Old Father"
#terrain 100 4194304
#landname 101 "Rike"
#terrain 101 0
#landname 102 "Shiver Rock"
#terrain 102 1025
#landname 103 "Ridgehorn"
#terrain 103 4194305
#landname 104 "The Hanged Man"
#terrain 104 4194321
#landname 105 "Baa Harbour"
#terrain 105 260
#landname 106 "Einartoft"
#terrain 106 37748752
#landname 107 "Bitra"
#terrain 107 129
#landname 108 "Burra Pass"
#terrain 108 4194320
#landname 109 "Schlid"
#terrain 109 37753088
#landname 110 "Setterlund"
#terrain 110 2
#landname 111 "Fastisetr"
#terrain 111 4194304
#landname 112 "The Long Reach"
#terrain 112 4194304
#landname 113 "Wyrmtoe"
#terrain 113 37748736
#landname 114 "Frostvellr"
#terrain 114 0
#landname 115 "Skogr"
#terrain 115 33554561
#landname 116 "The Vast North"
#terrain 116 2054
#landname 117 "King's Barrow"
#terrain 117 20971520
#landname 118 "Stonehorn"
#terrain 118 0
#landname 119 "The Twin Rivers"
#terrain 119 9
#landname 120 "Ravenhead"
#terrain 120 0
#landname 121 "Rumfjord"
#terrain 121 8
#landname 122 "Nordfelling Wastes"
#terrain 122 0
#landname 123 "The Spear"
#terrain 123 16778240
#landname 124 "Gelmsfjord"
#terrain 124 9
#landname 125 "Blotsbalkr"
#terrain 125 2
#landname 126 "Grofheim"
#terrain 126 33554434
#landname 127 "Silverstone"
#terrain 127 260
#landname 128 "Gnasher, Biter, and Grinder"
#terrain 128 20972560
#landname 129 "North Tongue"
#terrain 129 1025
#landname 130 "Steppes of Silence"
#terrain 130 5378
#landname 131 "Vetur Sea South"
#terrain 131 2054
#landname 132 "Gimfell Peak"
#terrain 132 4198416
#landname 133 "The Sky Irons"
#terrain 133 4194320
#landname 134 "Greyhorn"
#terrain 134 4194304
#landname 135 "Cardinal Waters"
#terrain 135 16784390
#landname 136 "Frostquoy"
#terrain 136 260
#landname 137 "The Frozen Tombs"
#terrain 137 5380
#landname 138 "Valkajokull"
#terrain 138 33558594
#landname 139 "Flat Plain"
#terrain 139 0
#landname 140 "Mornforth Taing"
#terrain 140 16778240
#landname 141 "Weaver's Eye"
#terrain 141 260
#landname 142 "The Anvil"
#terrain 142 0
#landname 143 "Nordskalr"
#terrain 143 4160
#landname 144 "Sea of Constellations"
#terrain 144 33557510
#landname 145 "Furthest Stars"
#terrain 145 3078
#landname 146 "Stem"
#terrain 146 5376
#landname 147 "Fraksberg"
#terrain 147 1090
#landname 148 "The Hammer"
#terrain 148 64
#landname 149 "Lonely Point"
#terrain 149 16778241
#landname 150 "Harrows Mouth"
#terrain 150 4
#landname 151 "Vetur Sea North"
#terrain 151 33556486
#landname 152 "Cletberg"
#terrain 152 16781312
#landname 153 "Wordan"
#terrain 153 4096
#landname 154 "North Constellations"
#terrain 154 2054
#landname 155 "Strait of Harrows"
#terrain 155 6
#landname 156 "Dundr's Beard"
#terrain 156 16778306
#landname 157 "Outer Waters"
#terrain 157 2054
#landname 158 "Edge Water"
#terrain 158 2052
#landname 159 "Northern Cut"
#terrain 159 2116
#landname 160 "God's Horn"
#terrain 160 64
#landname 161 "Cold Stretch"
#terrain 161 64
#landname 162 "Frigid Claw"
#terrain 162 64

-- Province neighbours
#neighbour 1 15
#neighbour 1 4
#neighbour 1 14
#neighbour 2 7
#neighbour 2 22
#neighbour 3 18
#neighbour 3 16
#neighbourspec 3 16 2
#neighbour 3 9
#neighbourspec 3 9 2
#neighbour 3 5
#neighbourspec 3 5 2
#neighbour 4 12
#neighbour 4 14
#neighbour 5 18
#neighbour 5 11
#neighbour 5 26
#neighbour 6 9
#neighbour 6 13
#neighbour 6 8
#neighbour 6 10
#neighbour 7 8
#neighbour 7 19
#neighbour 7 22
#neighbour 8 13
#neighbour 8 19
#neighbour 9 16
#neighbourspec 9 16 2
#neighbour 9 10
#neighbour 10 13
#neighbour 10 25
#neighbour 11 12
#neighbour 11 20
#neighbourspec 11 20 2
#neighbour 11 26
#neighbour 12 14
#neighbour 12 20
#neighbour 13 25
#neighbour 13 24
#neighbourspec 13 24 2
#neighbour 14 21
#neighbour 14 29
#neighbourspec 14 29 1
#neighbour 15 46
#neighbour 15 27
#neighbour 15 34
#neighbour 15 17
#neighbour 16 18
#neighbour 17 27
#neighbour 17 28
#neighbour 17 23
#neighbour 18 26
#neighbour 18 36
#neighbour 19 22
#neighbour 19 32
#neighbour 20 29
#neighbourspec 20 29 1
#neighbour 20 30
#neighbour 21 23
#neighbour 21 31
#neighbour 22 32
#neighbour 22 64
#neighbour 23 35
#neighbour 23 31
#neighbour 24 25
#neighbour 24 32
#neighbour 25 37
#neighbour 25 39
#neighbour 26 36
#neighbour 26 30
#neighbour 27 34
#neighbourspec 27 34 2
#neighbour 27 28
#neighbour 28 34
#neighbourspec 28 34 2
#neighbour 28 35
#neighbour 29 33
#neighbourspec 29 33 1
#neighbour 29 30
#neighbourspec 29 30 1
#neighbour 29 45
#neighbourspec 29 45 1
#neighbour 30 43
#neighbourspec 30 43 1
#neighbour 30 45
#neighbourspec 30 45 1
#neighbour 31 35
#neighbour 31 33
#neighbour 31 44
#neighbour 32 64
#neighbour 32 40
#neighbour 33 45
#neighbour 33 41
#neighbour 34 48
#neighbour 34 35
#neighbour 34 46
#neighbour 35 48
#neighbour 35 44
#neighbour 36 42
#neighbour 36 50
#neighbour 36 38
#neighbour 37 42
#neighbour 37 39
#neighbourspec 37 39 2
#neighbour 38 50
#neighbour 38 47
#neighbour 39 51
#neighbour 39 40
#neighbourspec 39 40 2
#neighbour 39 57
#neighbour 40 51
#neighbourspec 40 51 2
#neighbour 40 64
#neighbour 41 56
#neighbourspec 41 56 1
#neighbour 41 45
#neighbourspec 41 45 2
#neighbour 41 81
#neighbour 42 59
#neighbour 42 50
#neighbour 43 45
#neighbour 43 54
#neighbourspec 43 54 2
#neighbour 43 47
#neighbourspec 43 47 2
#neighbour 44 52
#neighbour 44 49
#neighbour 45 53
#neighbourspec 45 53 2
#neighbour 46 69
#neighbour 46 58
#neighbour 46 48
#neighbour 47 54
#neighbour 47 55
#neighbour 48 58
#neighbourspec 48 58 2
#neighbour 48 52
#neighbourspec 48 52 2
#neighbour 48 68
#neighbour 49 52
#neighbour 49 56
#neighbourspec 49 56 1
#neighbour 49 65
#neighbour 50 59
#neighbour 50 55
#neighbour 51 57
#neighbour 52 62
#neighbourspec 52 62 2
#neighbour 52 68
#neighbour 53 56
#neighbourspec 53 56 1
#neighbour 53 60
#neighbour 54 60
#neighbour 55 61
#neighbour 56 65
#neighbourspec 56 65 1
#neighbour 56 63
#neighbourspec 56 63 1
#neighbour 57 59
#neighbour 58 68
#neighbour 58 69
#neighbour 59 67
#neighbour 60 63
#neighbour 60 66
#neighbour 61 66
#neighbour 61 73
#neighbour 61 72
#neighbour 62 65
#neighbour 62 68
#neighbour 63 65
#neighbour 63 70
#neighbourspec 63 70 1
#neighbour 64 71
#neighbour 64 80
#neighbour 64 96
#neighbour 65 76
#neighbour 66 72
#neighbour 66 70
#neighbour 67 75
#neighbour 67 73
#neighbour 68 78
#neighbour 68 69
#neighbour 68 74
#neighbour 69 93
#neighbour 69 78
#neighbour 70 72
#neighbour 70 77
#neighbour 70 87
#neighbour 71 80
#neighbour 71 85
#neighbourspec 71 85 2
#neighbour 72 73
#neighbour 72 89
#neighbourspec 72 89 1
#neighbour 73 75
#neighbour 73 95
#neighbour 74 76
#neighbour 74 78
#neighbour 74 82
#neighbour 75 84
#neighbour 75 79
#neighbour 75 88
#neighbour 76 82
#neighbour 76 83
#neighbour 77 81
#neighbour 77 94
#neighbour 78 82
#neighbour 78 93
#neighbour 79 88
#neighbour 79 89
#neighbourspec 79 89 1
#neighbour 80 96
#neighbour 80 85
#neighbour 81 83
#neighbour 81 99
#neighbourspec 81 99 2
#neighbour 81 98
#neighbourspec 81 98 2
#neighbour 82 86
#neighbour 82 92
#neighbourspec 82 92 2
#neighbour 83 90
#neighbourspec 83 90 2
#neighbour 84 91
#neighbour 84 95
#neighbour 84 88
#neighbour 85 91
#neighbour 85 96
#neighbour 86 92
#neighbour 86 97
#neighbour 86 90
#neighbour 87 94
#neighbour 87 89
#neighbourspec 87 89 1
#neighbour 88 95
#neighbour 88 100
#neighbour 89 100
#neighbourspec 89 100 1
#neighbour 90 97
#neighbour 90 99
#neighbour 91 105
#neighbour 91 101
#neighbour 92 97
#neighbour 92 102
#neighbourspec 92 102 2
#neighbour 93 116
#neighbour 93 102
#neighbour 94 98
#neighbour 94 108
#neighbourspec 94 108 1
#neighbour 94 106
#neighbour 95 101
#neighbour 95 100
#neighbour 95 110
#neighbour 96 131
#neighbour 96 105
#neighbour 97 99
#neighbour 97 103
#neighbour 97 102
#neighbour 98 99
#neighbour 98 104
#neighbour 99 104
#neighbour 100 106
#neighbour 100 110
#neighbourspec 100 110 1
#neighbour 101 107
#neighbour 101 114
#neighbour 101 110
#neighbour 102 116
#neighbour 102 103
#neighbourspec 102 103 2
#neighbour 103 104
#neighbour 103 109
#neighbour 103 112
#neighbourspec 103 112 1
#neighbour 104 109
#neighbour 105 115
#neighbour 106 113
#neighbour 106 108
#neighbour 107 115
#neighbour 107 114
#neighbour 108 117
#neighbourspec 108 117 1
#neighbour 109 118
#neighbour 109 111
#neighbour 109 112
#neighbourspec 109 112 1
#neighbour 109 119
#neighbour 110 115
#neighbour 110 114
#neighbour 110 122
#neighbour 110 113
#neighbour 111 121
#neighbour 111 117
#neighbour 112 116
#neighbour 112 135
#neighbour 112 119
#neighbourspec 112 119 2
#neighbour 113 122
#neighbour 113 117
#neighbour 114 115
#neighbour 114 122
#neighbour 114 125
#neighbour 114 128
#neighbourspec 114 128 1
#neighbour 115 120
#neighbourspec 115 120 2
#neighbour 115 125
#neighbour 116 135
#neighbour 117 126
#neighbour 118 119
#neighbourspec 118 119 2
#neighbour 118 121
#neighbour 118 124
#neighbourspec 118 124 2
#neighbour 118 129
#neighbourspec 118 129 2
#neighbour 119 135
#neighbour 120 125
#neighbour 120 123
#neighbourspec 120 123 2
#neighbour 121 127
#neighbour 121 126
#neighbourspec 121 126 2
#neighbour 121 124
#neighbourspec 121 124 2
#neighbour 122 128
#neighbour 123 136
#neighbour 123 131
#neighbour 124 129
#neighbour 124 127
#neighbour 125 136
#neighbour 125 128
#neighbourspec 125 128 1
#neighbour 125 134
#neighbour 125 132
#neighbour 126 127
#neighbour 126 130
#neighbour 126 137
#neighbour 127 137
#neighbour 127 129
#neighbour 128 133
#neighbour 128 134
#neighbourspec 128 134 1
#neighbour 129 144
#neighbour 130 132
#neighbour 130 138
#neighbour 131 151
#neighbour 132 133
#neighbourspec 132 133 1
#neighbour 133 134
#neighbour 133 139
#neighbourspec 133 139 1
#neighbour 134 139
#neighbour 134 136
#neighbour 135 145
#neighbour 135 144
#neighbour 136 140
#neighbour 136 139
#neighbour 136 141
#neighbourspec 136 141 2
#neighbour 137 149
#neighbour 137 144
#neighbour 138 147
#neighbour 138 143
#neighbour 138 142
#neighbour 139 140
#neighbourspec 139 140 2
#neighbour 141 148
#neighbour 141 146
#neighbour 141 142
#neighbour 142 143
#neighbour 142 148
#neighbour 143 147
#neighbour 143 148
#neighbour 144 154
#neighbour 144 149
#neighbour 144 153
#neighbour 145 152
#neighbour 145 153
#neighbour 145 157
#neighbour 146 148
#neighbour 146 151
#neighbour 146 159
#neighbour 147 150
#neighbour 147 155
#neighbour 148 156
#neighbour 148 155
#neighbour 149 154
#neighbour 149 150
#neighbour 150 154
#neighbour 150 155
#neighbour 150 161
#neighbour 151 162
#neighbour 151 159
#neighbour 151 160
#neighbour 152 157
#neighbour 152 158
#neighbour 153 158
#neighbour 153 154
#neighbour 154 158
#neighbour 154 161
#neighbour 155 156
#neighbour 156 160
#neighbour 156 161
#neighbour 157 158
#neighbour 159 160
#neighbour 159 162

-- Special per province commands

--
