-- 
-- Map file for Dominions 4
-- 
-- Illwinter Game Design
-- www.illwinter.com
-- 

-- Title and image file
#dom2title The Banner Saga world map
#imagefile banner_saga_world_map.tga
#domversion 350
#description "Enter the world of the Banner Saga. With mostly accurate names for provinces, and some filler."

-- Province names/terrains
#terrain 1 0
#landname 2 "Blackwater Deep"
#terrain 2 2052
#landname 3 "The Rotting Roots"
#terrain 3 0
#terrain 4 0
#terrain 5 0
#landname 6 "Graywater stretch"
#terrain 6 4
#landname 7 "Foggy Shard"
#terrain 7 0
#landname 8 "Gruin Sea"
#terrain 8 4
#landname 9 "The Stankhar Threads"
#terrain 9 0
#landname 10 "Voe"
#terrain 10 0
#terrain 11 0
#terrain 12 0
#landname 13 "Wyrm's Tail"
#terrain 13 0
#terrain 14 0
#terrain 15 2052
#landname 16 "Mire Fallows"
#terrain 16 0
#terrain 17 0
#landname 18 "Swartbog"
#terrain 18 0
#landname 19 "Fog Island"
#terrain 19 0
#terrain 20 0
#terrain 21 0
#landname 22 "Brackish Sea"
#terrain 22 2052
#terrain 23 4
#landname 24 "Wyrm's Tear Isle"
#terrain 24 0
#landname 25 "Graywater Sea"
#terrain 25 4
#landname 26 "Ollerholm"
#terrain 26 0
#terrain 27 0
#terrain 28 0
#terrain 29 0
#terrain 30 0
#terrain 31 0
#landname 32 "Brackish Bay"
#terrain 32 2052
#terrain 33 0
#terrain 34 0
#terrain 35 0
#landname 36 "Crooks Hollow"
#terrain 36 0
#landname 37 "Ironpeat Wash"
#terrain 37 0
#terrain 38 0
#terrain 39 0
#terrain 40 0
#terrain 41 0
#landname 42 "Bolunskr"
#terrain 42 0
#terrain 43 0
#terrain 44 0
#terrain 45 0
#terrain 46 2052
#terrain 47 0
#terrain 48 0
#terrain 49 0
#terrain 50 0
#terrain 51 0
#terrain 52 0
#terrain 53 0
#terrain 54 0
#terrain 55 8
#terrain 56 0
#terrain 57 0
#terrain 58 0
#terrain 59 0
#terrain 60 0
#terrain 61 0
#terrain 62 0
#terrain 63 0
#landname 64 "Ocean of Despair"
#terrain 64 2052
#terrain 65 0
#terrain 66 0
#terrain 67 0
#terrain 68 4
#terrain 69 2052
#terrain 70 8
#landname 71 "Three Islands"
#terrain 71 0
#terrain 72 0
#terrain 73 0
#terrain 74 0
#terrain 75 0
#terrain 76 0
#terrain 77 0
#terrain 78 0
#terrain 79 8
#landname 80 "Spirit Water"
#terrain 80 2052
#terrain 81 0
#terrain 82 0
#terrain 83 0
#terrain 84 0
#terrain 85 0
#terrain 86 4
#terrain 87 0
#terrain 88 0
#terrain 89 16
#terrain 90 0
#terrain 91 4
#terrain 92 0
#terrain 93 2052
#terrain 94 0
#terrain 95 0
#landname 96 "Eastern Waters"
#terrain 96 2052
#terrain 97 4
#terrain 98 0
#terrain 99 0
#terrain 100 0
#terrain 101 0
#terrain 102 0
#terrain 103 0
#terrain 104 0
#terrain 105 4
#terrain 106 0
#terrain 107 0
#terrain 108 16
#terrain 109 0
#terrain 110 0
#terrain 111 0
#terrain 112 0
#terrain 113 0
#terrain 114 0
#terrain 115 0
#terrain 116 2052
#terrain 117 0
#terrain 118 0
#terrain 119 0
#landname 120 "Ravenhead"
#terrain 120 0
#terrain 121 0
#terrain 122 0
#landname 123 "The Spear"
#terrain 123 0
#terrain 124 0
#landname 125 "Blotsbalkr"
#terrain 125 0
#landname 126 "Grofheim"
#terrain 126 0
#terrain 127 4
#terrain 128 4194320
#terrain 129 0
#terrain 130 0
#landname 131 "Vetur Sea South"
#terrain 131 2052
#terrain 132 0
#terrain 133 4194320
#terrain 134 0
#terrain 135 2052
#landname 136 "Frostquoy"
#terrain 136 4
#terrain 137 4
#landname 138 "Valkajokull"
#terrain 138 0
#terrain 139 0
#landname 140 "Mornforth Taing"
#terrain 140 0
#landname 141 "Weaver's Eye"
#terrain 141 4
#landname 142 "The Anvil"
#terrain 142 0
#landname 143 "Nordskalr"
#terrain 143 0
#terrain 144 2052
#landname 145 "Endless Ocean"
#terrain 145 2052
#landname 146 "Stem"
#terrain 146 0
#landname 147 "Fraksberg"
#terrain 147 0
#landname 148 "The Hammer"
#terrain 148 0
#landname 149 "Lonely Point"
#terrain 149 0
#landname 150 "Harrows Mouth"
#terrain 150 2052
#landname 151 "Vetur Sea North"
#terrain 151 2052
#landname 152 "Cletberg"
#terrain 152 0
#landname 153 "Wordan"
#terrain 153 0
#landname 154 "North Constellations"
#terrain 154 2052
#landname 155 "Strait of Harrows"
#terrain 155 0
#landname 156 "Dundr's Beard"
#terrain 156 0
#landname 157 "Outer Waters"
#terrain 157 2052
#landname 158 "Edge Water"
#terrain 158 2052
#landname 159 "Northern Cut"
#terrain 159 2052
#landname 160 "God's Horn"
#terrain 160 0
#landname 161 "Cold Stretch"
#terrain 161 0
#landname 162 "Frigid Claw"
#terrain 162 0

-- Province neighbours
#neighbour 1 15
#neighbour 1 4
#neighbour 1 14
#neighbour 2 7
#neighbour 2 22
#neighbour 3 18
#neighbour 3 16
#neighbour 3 9
#neighbour 3 5
#neighbour 4 12
#neighbour 4 14
#neighbour 5 18
#neighbour 5 11
#neighbour 5 26
#neighbour 6 9
#neighbour 6 13
#neighbour 6 8
#neighbour 6 10
#neighbour 7 8
#neighbour 7 19
#neighbour 7 22
#neighbour 8 13
#neighbour 8 19
#neighbour 9 16
#neighbour 9 10
#neighbour 10 13
#neighbour 10 25
#neighbour 11 12
#neighbour 11 20
#neighbour 11 26
#neighbour 12 14
#neighbour 12 20
#neighbour 13 25
#neighbour 13 24
#neighbourspec 13 24 2
#neighbour 14 21
#neighbour 15 46
#neighbour 15 27
#neighbour 15 34
#neighbour 16 18
#neighbour 17 27
#neighbour 17 28
#neighbour 17 23
#neighbour 18 26
#neighbour 18 36
#neighbour 19 22
#neighbour 19 32
#neighbour 20 29
#neighbourspec 20 29 1
#neighbour 20 30
#neighbourspec 20 30 1
#neighbour 21 23
#neighbour 21 31
#neighbour 22 32
#neighbour 22 64
#neighbour 23 35
#neighbour 23 31
#neighbour 24 25
#neighbour 24 32
#neighbour 25 37
#neighbour 25 39
#neighbour 26 36
#neighbour 26 30
#neighbour 27 34
#neighbourspec 27 34 2
#neighbour 27 28
#neighbour 28 34
#neighbourspec 28 34 2
#neighbour 28 35
#neighbour 29 33
#neighbourspec 29 33 1
#neighbour 29 30
#neighbourspec 29 30 1
#neighbour 29 45
#neighbourspec 29 45 1
#neighbour 30 43
#neighbourspec 30 43 1
#neighbour 30 45
#neighbourspec 30 45 1
#neighbour 31 35
#neighbour 31 33
#neighbour 31 44
#neighbour 32 64
#neighbour 32 40
#neighbour 33 45
#neighbour 33 41
#neighbour 34 48
#neighbour 34 35
#neighbour 34 46
#neighbour 35 48
#neighbour 35 44
#neighbour 36 42
#neighbour 36 50
#neighbour 36 38
#neighbour 37 42
#neighbour 37 39
#neighbourspec 37 39 2
#neighbour 38 50
#neighbour 38 47
#neighbour 39 51
#neighbour 39 40
#neighbourspec 39 40 2
#neighbour 39 57
#neighbour 40 51
#neighbourspec 40 51 2
#neighbour 40 64
#neighbour 41 56
#neighbourspec 41 56 1
#neighbour 41 45
#neighbourspec 41 45 2
#neighbour 42 59
#neighbour 42 50
#neighbour 43 45
#neighbour 43 54
#neighbourspec 43 54 2
#neighbour 43 47
#neighbourspec 43 47 2
#neighbour 44 52
#neighbour 44 49
#neighbour 45 53
#neighbourspec 45 53 2
#neighbour 46 69
#neighbour 46 58
#neighbour 46 48
#neighbour 47 54
#neighbour 47 55
#neighbour 48 58
#neighbourspec 48 58 2
#neighbour 48 52
#neighbourspec 48 52 2
#neighbour 48 68
#neighbour 49 52
#neighbour 49 56
#neighbourspec 49 56 1
#neighbour 49 65
#neighbour 50 59
#neighbour 50 55
#neighbour 51 57
#neighbour 52 62
#neighbourspec 52 62 2
#neighbour 52 68
#neighbour 53 56
#neighbourspec 53 56 1
#neighbour 53 60
#neighbour 54 60
#neighbour 55 61
#neighbour 56 65
#neighbourspec 56 65 1
#neighbour 56 63
#neighbourspec 56 63 1
#neighbour 57 59
#neighbour 58 68
#neighbour 58 69
#neighbour 59 67
#neighbour 60 63
#neighbour 60 66
#neighbour 61 66
#neighbour 61 73
#neighbour 61 72
#neighbour 62 65
#neighbour 62 68
#neighbour 63 65
#neighbour 64 71
#neighbour 64 80
#neighbour 64 96
#neighbour 65 76
#neighbour 66 72
#neighbour 66 70
#neighbour 67 75
#neighbour 67 73
#neighbour 68 78
#neighbour 68 69
#neighbour 68 74
#neighbour 69 93
#neighbour 69 78
#neighbour 70 72
#neighbour 70 77
#neighbour 70 87
#neighbour 71 80
#neighbour 71 85
#neighbourspec 71 85 2
#neighbour 72 73
#neighbour 73 75
#neighbour 74 76
#neighbour 74 78
#neighbour 74 82
#neighbour 75 84
#neighbour 75 79
#neighbour 75 88
#neighbour 76 82
#neighbour 76 83
#neighbour 77 81
#neighbour 77 94
#neighbour 78 82
#neighbour 78 93
#neighbour 79 88
#neighbour 79 89
#neighbourspec 79 89 1
#neighbour 80 96
#neighbour 80 85
#neighbour 81 83
#neighbour 81 99
#neighbourspec 81 99 2
#neighbour 81 98
#neighbourspec 81 98 2
#neighbour 82 86
#neighbour 82 92
#neighbourspec 82 92 2
#neighbour 83 90
#neighbourspec 83 90 2
#neighbour 84 91
#neighbour 84 95
#neighbour 84 88
#neighbour 85 91
#neighbour 85 96
#neighbour 86 92
#neighbour 86 97
#neighbour 86 90
#neighbour 87 94
#neighbour 87 89
#neighbourspec 87 89 1
#neighbour 88 95
#neighbour 88 100
#neighbour 90 97
#neighbour 90 99
#neighbour 91 105
#neighbour 91 101
#neighbour 92 97
#neighbour 92 102
#neighbourspec 92 102 2
#neighbour 93 116
#neighbour 93 102
#neighbour 94 98
#neighbour 94 108
#neighbourspec 94 108 1
#neighbour 94 106
#neighbour 95 101
#neighbour 95 100
#neighbour 95 110
#neighbour 96 131
#neighbour 96 105
#neighbour 97 99
#neighbour 97 103
#neighbour 97 102
#neighbour 98 99
#neighbour 98 104
#neighbour 99 104
#neighbour 100 106
#neighbour 100 110
#neighbourspec 100 110 1
#neighbour 101 107
#neighbour 101 114
#neighbour 101 110
#neighbour 102 116
#neighbour 102 103
#neighbourspec 102 103 2
#neighbour 103 104
#neighbour 103 109
#neighbour 103 112
#neighbourspec 103 112 1
#neighbour 104 111
#neighbour 104 109
#neighbour 105 115
#neighbour 106 113
#neighbour 106 108
#neighbour 107 115
#neighbour 107 114
#neighbour 108 117
#neighbour 109 118
#neighbour 109 111
#neighbour 109 112
#neighbourspec 109 112 1
#neighbour 110 115
#neighbour 110 114
#neighbour 110 122
#neighbour 110 113
#neighbour 111 121
#neighbour 111 117
#neighbour 112 116
#neighbour 112 135
#neighbour 112 119
#neighbourspec 112 119 2
#neighbour 113 122
#neighbour 113 117
#neighbour 114 115
#neighbour 114 122
#neighbour 114 125
#neighbour 114 128
#neighbourspec 114 128 1
#neighbour 115 120
#neighbourspec 115 120 2
#neighbour 115 125
#neighbour 116 135
#neighbour 117 126
#neighbour 118 119
#neighbour 118 121
#neighbour 118 124
#neighbourspec 118 124 2
#neighbour 118 129
#neighbourspec 118 129 2
#neighbour 119 135
#neighbour 120 125
#neighbour 120 123
#neighbourspec 120 123 2
#neighbour 121 129
#neighbour 121 127
#neighbour 121 126
#neighbour 122 128
#neighbour 123 136
#neighbour 123 131
#neighbour 124 129
#neighbour 124 127
#neighbour 125 136
#neighbour 125 128
#neighbourspec 125 128 1
#neighbour 125 134
#neighbour 126 127
#neighbour 126 130
#neighbour 126 137
#neighbour 127 137
#neighbour 127 129
#neighbour 128 133
#neighbour 128 134
#neighbourspec 128 134 1
#neighbour 129 144
#neighbour 130 132
#neighbour 130 138
#neighbour 131 151
#neighbour 132 133
#neighbourspec 132 133 1
#neighbour 133 134
#neighbour 133 139
#neighbourspec 133 139 1
#neighbour 134 139
#neighbour 134 136
#neighbour 135 145
#neighbour 135 144
#neighbour 136 140
#neighbour 136 139
#neighbour 136 141
#neighbourspec 136 141 2
#neighbour 137 149
#neighbour 137 144
#neighbour 138 147
#neighbour 138 143
#neighbour 138 142
#neighbour 139 140
#neighbourspec 139 140 2
#neighbour 141 148
#neighbour 141 146
#neighbour 141 142
#neighbour 142 143
#neighbour 142 148
#neighbour 143 147
#neighbour 143 148
#neighbour 144 154
#neighbour 144 149
#neighbour 144 153
#neighbour 145 152
#neighbour 145 153
#neighbour 145 157
#neighbour 146 148
#neighbour 146 151
#neighbour 146 159
#neighbour 147 150
#neighbour 147 155
#neighbour 148 156
#neighbour 148 155
#neighbour 149 154
#neighbour 149 150
#neighbour 150 154
#neighbour 150 155
#neighbour 150 161
#neighbour 151 162
#neighbour 151 159
#neighbour 151 160
#neighbour 152 157
#neighbour 152 158
#neighbour 153 158
#neighbour 153 154
#neighbour 154 158
#neighbour 154 161
#neighbour 155 156
#neighbour 156 160
#neighbour 156 161
#neighbour 157 158
#neighbour 159 160
#neighbour 159 162

-- Special per province commands

--
